[www.mark-lundin.com/box/inception/index.html]
[backblue.gif]
[fade.gif]
[index.html]
[www.mark-lundin.com/js/main.js]
[ajax.googleapis.com/ajax/libs/webfont/1.4.7/webfont.js]
[code.jquery.com/jquery-1.7.min.js]
[netdna.bootstrapcdn.com/font-awesome/4.1.0/css/font-awesome.min.css]
[connect.facebook.net/en_GB/all.js]
[www.mark-lundin.com/box/inception/js/Detector.js]
[www.mark-lundin.com/box/inception/js/FirstPersonControls.js]
[www.mark-lundin.com/box/inception/js/TrackballControls.js]
[www.mark-lundin.com/box/inception/js/shaders/CopyShader.js]
[www.mark-lundin.com/box/inception/js/dat.gui.min.js]
[www.mark-lundin.com/box/inception/js/shaders/HorizontalTiltShiftShader.js]
[www.mark-lundin.com/box/inception/js/shaders/VerticalTiltShiftShader.js]
[www.mark-lundin.com/box/inception/js/shaders/FXAAShader.js]
[www.mark-lundin.com/box/inception/js/postprocessing/ShaderPass.js]
[www.mark-lundin.com/box/inception/js/postprocessing/MaskPass.js]
[www.mark-lundin.com/box/inception/js/three.js]
[www.mark-lundin.com/box/inception/js/postprocessing/EffectComposer.js]
[www.mark-lundin.com/box/inception/js/postprocessing/RenderPass.js]
[www.mark-lundin.com/box/inception/image/lensflare0_alpha.png]
[apis.google.com/js/plusone.js]
[www.mark-lundin.com/js/jquery.fitvids.js]
[www.mark-lundin.com/box/inception/index.html]
[netdna.bootstrapcdn.com/font-awesome/4.1.0/css/font-awesome.min.css]
[connect.facebook.net/en_GB/all.js]
[platform.twitter.com/widgets.js]
